{
  "Message": {
    "Body": "AQ==",
    "MessageId": "MessageId",
    "Headers": {
      "key": "value"
    }
  },
  "Extensions": {}
}