{
  ExtraState: {
    Property: 'Value'
  },
  NsbTestContext: {
    AddedAuditData: {
      Key: 'Value'
    },
    AuditAddress: 'audit queue address',
    Message: {
      MessageId: Guid_1
    }
  }
}