{
  "Context": {
    "Message": {
      "Body": "AQ==",
      "MessageId": "MessageId",
      "Headers": {
        "key": "value"
      }
    },
    "Address": "The address",
    "Extensions": {}
  }
}