{
  Message: {
    MessageType: 'MyMessage',
    Instance: {
      Property: 'Value'
    }
  },
  MessageId: Guid_1
}