{
  Headers: {
    Key: 'Value'
  },
  MessageId: Guid_1
}