{
  Subscriptions: [
    {
      MessageType: 'MyMessage',
      Options: {
        Extensions: {
          Stash: {
            NServiceBus.RoutingToDispatchConnector+State: {
              ImmediateDispatch: true
            }
          }
        }
      }
    }
  ],
  Unsubscription: [
    {
      MessageType: 'MyMessage',
      Options: {
        Extensions: {
          Stash: {
            NServiceBus.RoutingToDispatchConnector+State: {
              ImmediateDispatch: true
            }
          }
        }
      }
    }
  ],
  Extensions: {}
}