{
  "MessageId": "Guid 1",
  "ReplyToAddress": "reply address",
  "Extensions": {}
}