{
  ExtraState: {
    Member: 'the data'
  },
  NsbTestContext: {
    RepliedMessages: [
      {
        Tests+MySagaMessage: {}
      }
    ],
    MessageId: 'Guid 1',
    TimeoutMessages: [
      {
        Within: '01:00:00',
        Tests+MySagaMessage: {},
        Options: {
          DeliveryDelay: '01:00:00',
          Headers: {
            SagaId: 'Guid 2',
            IsSagaTimeoutMessage: 'True',
            SagaType: 'Tests+MySaga'
          },
          Extensions: {
            NServiceBus.UnicastSendRouter+State: {
              Option: 'RouteToAnyInstanceOfThisEndpoint'
            }
          }
        }
      }
    ],
    SentMessages: [
      {
        Tests+MySagaMessage: {},
        Options: {
          DeliveryDelay: '01:00:00',
          Headers: {
            SagaId: 'Guid 2',
            IsSagaTimeoutMessage: 'True',
            SagaType: 'Tests+MySaga'
          },
          Extensions: {
            NServiceBus.UnicastSendRouter+State: {
              Option: 'RouteToAnyInstanceOfThisEndpoint'
            }
          }
        }
      }
    ]
  }
}