{
  "EventType": "MyMessage, Tests, Version=1.0.0.0, Culture=neutral, PublicKeyToken=59ef55776b573da9",
  "Extensions": {}
}