{
  Message: {
    MessageId: 'MessageId',
    Headers: {
      key: 'value',
      NServiceBus.MessageId: 'MessageId'
    },
    Body: 'AQ=='
  },
  MessageId: Guid_1
}