{
  "Context": {
    "Message": {
      "MessageId": "MessageId",
      "Headers": {
        "key": "value",
        "NServiceBus.MessageId": "MessageId"
      },
      "Body": "AQ=="
    },
    "MessageId": "Guid 1",
    "ReplyToAddress": "reply address",
    "Extensions": {}
  }
}