{
  "MessageId": "Guid 1",
  "Headers": {
    "Key": "Value"
  },
  "Extensions": {}
}