{
  "SentMessages": [
    {
      "Message": {
        "Property": "Value"
      },
      "Options": {
        "Extensions": {}
      }
    }
  ],
  "PublishedMessages": [
    {
      "Message": {
        "Property": "Value"
      },
      "Options": {
        "Extensions": {}
      }
    }
  ],
  "Extensions": {}
}