{
  ExtraState: {},
  NsbTestContext: {},
  LogMessages: [
    {
      Level: 'Warn',
      Message: 'The log message'
    }
  ]
}