{
  RepliedMessages: [
    {
      ReplyMessage: {
        Property: 'Value'
      }
    }
  ],
  ForwardedMessages: [
    'newDestination'
  ],
  MessageHeaders: {
    Key: 'Value'
  },
  MessageId: 'Guid 1',
  SentMessages: [
    {
      SendMessage: {
        Property: 'Value'
      }
    }
  ],
  PublishedMessages: [
    {
      PublishMessage: {
        Property: 'Value'
      }
    }
  ]
}