{
  AddedAuditData: {
    Key: 'Value'
  },
  AuditAddress: 'audit queue address',
  Message: {
    MessageId: 'Guid 1'
  }
}