{
  "Body": "AQ==",
  "MessageId": "Guid 1",
  "Extensions": {}
}