{
  MessageId: Guid_1,
  Headers: {
    Key: 'Value'
  }
}