{
  "ReceiveOperationAborted": true,
  "Message": {
    "MessageId": "MessageId",
    "Headers": {
      "key": "value",
      "NServiceBus.MessageId": "MessageId"
    },
    "Body": "AQ=="
  },
  "Extensions": {}
}