{
  Message: {
    MessageType: 'MyMessage',
    Metadata: {
      MessageType: 'MyMessage'
    },
    Instance: {
      Property: 'Value'
    }
  },
  Headers: {
    Key: 'Value'
  },
  MessageId: 'Guid 1',
  ReplyToAddress: 'reply address'
}